No files changed, compilation skipped

Running 6 tests for test/Bridge.t.sol:BridgeTest
[32m[PASS][0m test_Lock() (gas: 51116)
[32m[PASS][0m test_LockEmitsEvent() (gas: 57685)
[32m[PASS][0m test_LockRevertsOnInvalidData() (gas: 13325)
[32m[PASS][0m test_MintEmitsEvents() (gas: 681583)
[32m[PASS][0m test_MintRecover() (gas: 677916)
[32m[PASS][0m test_MintRevertsOnInvalidData() (gas: 35896)
Test result: [32mok[0m. [32m6[0m passed; [31m0[0m failed; [33m0[0m skipped; finished in 1.87ms
 
Ran 1 test suites: [32m6[0m tests passed, [31m0[0m failed, [33m0[0m skipped (6 total tests)
